Archive member included to satisfy reference by file (symbol)

./build/open_esplibs_libmain.a(ets_timer.o)
                              (--whole-archive)
./build/open_esplibs_libmain.a(misc.o)
                              (--whole-archive)
./build/open_esplibs_libmain.a(os_cpu_a.o)
                              (--whole-archive)
./build/open_esplibs_libmain.a(spi_flash.o)
                              (--whole-archive)
./build/open_esplibs_libmain.a(timers.o)
                              (--whole-archive)
./build/open_esplibs_libmain.a(uart.o)
                              (--whole-archive)
./build/open_esplibs_libmain.a(user_interface.o)
                              (--whole-archive)
./build/open_esplibs_libmain.a(xtensa_context.o)
                              (--whole-archive)
./build/open_esplibs_libnet80211.a(ieee80211_ets.o)
                              (--whole-archive)
./build/open_esplibs_libnet80211.a(ieee80211_hostap.o)
                              (--whole-archive)
./build/open_esplibs_libnet80211.a(ieee80211_input.o)
                              (--whole-archive)
./build/open_esplibs_libnet80211.a(ieee80211_sta.o)
                              (--whole-archive)
./build/open_esplibs_libnet80211.a(wl_cnx.o)
                              (--whole-archive)
./build/open_esplibs_libphy.a(phy.o)
                              (--whole-archive)
./build/open_esplibs_libphy.a(phy_chip_v6.o)
                              (--whole-archive)
./build/open_esplibs_libphy.a(phy_sleep.o)
                              (--whole-archive)
./build/open_esplibs_libpp.a(esf_buf.o)
                              (--whole-archive)
./build/open_esplibs_libpp.a(if_hwctrl.o)
                              (--whole-archive)
./build/open_esplibs_libpp.a(lmac.o)
                              (--whole-archive)
./build/open_esplibs_libpp.a(pm.o)
                              (--whole-archive)
./build/open_esplibs_libpp.a(pp.o)
                              (--whole-archive)
./build/open_esplibs_libpp.a(wdev.o)
                              (--whole-archive)
./build/open_esplibs_libwpa.a(os_xtensa.o)
                              (--whole-archive)
./build/open_esplibs_libwpa.a(wpa_main.o)
                              (--whole-archive)
./build/freertos.a(tasks.o)   ./build/open_esplibs_libmain.a(os_cpu_a.o) (pxCurrentTCB)
./build/freertos.a(timers.o)  ./build/freertos.a(tasks.o) (xTimerCreateTimerTask)
./build/freertos.a(port.o)    ./build/freertos.a(tasks.o) (vAssertCalled)
./build/freertos.a(list.o)    ./build/freertos.a(tasks.o) (vListInitialise)
./build/freertos.a(queue.o)   ./build/freertos.a(timers.o) (xQueueGenericCreate)
./build/lwip.a(esp_interface.o)
                              ./build/open_esplibs_libnet80211.a(ieee80211_input.o) (ethernetif_input)
./build/lwip.a(sys_arch.o)    ./build/open_esplibs_libmain.a(user_interface.o) (sys_lock_tcpip_core)
./build/lwip.a(tcpip.o)       ./build/open_esplibs_libnet80211.a(ieee80211_hostap.o) (tcpip_input)
./build/lwip.a(def.o)         ./build/lwip.a(esp_interface.o) (lwip_htons)
./build/lwip.a(init.o)        ./build/lwip.a(tcpip.o) (lwip_init)
./build/lwip.a(mem.o)         ./build/lwip.a(init.o) (mem_init)
./build/lwip.a(memp.o)        ./build/lwip.a(init.o) (memp_init)
./build/lwip.a(netif.o)       ./build/lwip.a(init.o) (netif_init)
./build/lwip.a(pbuf.o)        ./build/open_esplibs_libnet80211.a(ieee80211_input.o) (pbuf_alloc_reference)
./build/lwip.a(tcp.o)         ./build/lwip.a(init.o) (tcp_init)
./build/lwip.a(tcp_in.o)      ./build/lwip.a(tcp.o) (tcp_input_pcb)
./build/lwip.a(tcp_out.o)     ./build/lwip.a(tcp.o) (tcp_split_unsent_seg)
./build/lwip.a(timeouts.o)    ./build/lwip.a(init.o) (sys_timeouts_init)
./build/lwip.a(udp.o)         ./build/lwip.a(init.o) (udp_init)
./build/lwip.a(dhcp.o)        ./build/lwip.a(netif.o) (dhcp_network_changed)
./build/lwip.a(etharp.o)      ./build/lwip.a(netif.o) (etharp_cleanup_netif)
./build/lwip.a(icmp.o)        ./build/lwip.a(udp.o) (icmp_dest_unreach)
./build/lwip.a(igmp.o)        ./build/lwip.a(init.o) (igmp_init)
./build/lwip.a(ip4.o)         ./build/lwip.a(tcp.o) (ip4_route)
./build/lwip.a(ip4_addr.o)    ./build/lwip.a(tcp_in.o) (ip4_addr_isbroadcast_u32)
./build/lwip.a(ip4_frag.o)    ./build/lwip.a(timeouts.o) (ip_reass_tmr)
./build/lwip.a(ethernet.o)    ./build/lwip.a(etharp.o) (ethbroadcast)
./build/lwip.a(dns.o)         ./build/lwip.a(init.o) (dns_init)
./build/lwip.a(inet_chksum.o)
                              ./build/lwip.a(tcp_in.o) (ip_chksum_pseudo)
./build/lwip.a(ip.o)          ./build/lwip.a(tcp_in.o) (ip_data)
./build/core.a(app_main.o)    ./build/open_esplibs_libmain.a(user_interface.o) (sdk_user_init_flag)
./build/core.a(debug_dumps.o)
                              ./build/freertos.a(port.o) (abort)
./build/core.a(esp_hwrand.o)  ./build/lwip.a(tcp.o) (hwrand)
./build/core.a(esp_interrupts.o)
                              ./build/open_esplibs_libmain.a(ets_timer.o) (_xt_isr_attach)
[...]
Memory Configuration

Name             Origin             Length             Attributes
dport0_0_seg     0x000000003ff00000 0x0000000000000010
dram0_0_seg      0x000000003ffe8000 0x0000000000014000
iram1_0_seg      0x0000000040100000 0x0000000000008000
irom0_0_seg      0x0000000040202010 0x00000000000fdff0
*default*        0x0000000000000000 0xffffffffffffffff

Linker script and memory map

LOAD ./build/open_esplibs_libmain.a
LOAD ./build/open_esplibs_libnet80211.a
LOAD ./build/open_esplibs_libphy.a
LOAD ./build/open_esplibs_libpp.a
LOAD ./build/open_esplibs_libwpa.a
START GROUP
LOAD ./build/program.a
LOAD ./build/commutils.a
LOAD ./build/freertos.a
LOAD ./build/lwip.a
LOAD ./build/core.a
LOAD ./build/open_esplibs.a
LOAD /Volumes/case-sensitive/espsoftware/esp-open-sdk/xtensa-lx106-elf/xtensa-lx106-elf/sysroot/usr/lib/libhal.a
LOAD ../esp-open-rtos/lib/libgcc.a
LOAD ../esp-open-rtos/libc/xtensa-lx106-elf/lib/libc.a
LOAD ./build/sdklib/libmain.a
LOAD ./build/sdklib/libnet80211.a
LOAD ./build/sdklib/libphy.a
LOAD ./build/sdklib/libpp.a
LOAD ./build/sdklib/libwpa.a
END GROUP
                0x000000004010603c                pvPortMalloc = malloc
                0x0000000040106058                vPortFree = free
                0x000000004010658c                ets_printf = printf
                [!provide]                        PROVIDE (_memmap_vecbase_reset, 0x40000000)
                0x0000000000000110                _memmap_cacheattr_wb_base = 0x110
                0x0000000000000110                _memmap_cacheattr_wt_base = 0x110
                0x0000000000000220                _memmap_cacheattr_bp_base = 0x220
                0x00000000fffff00f                _memmap_cacheattr_unused_mask = 0xfffff00f
                0x000000002222211f                _memmap_cacheattr_wb_trapnull = 0x2222211f
                0x000000002222211f                _memmap_cacheattr_wba_trapnull = 0x2222211f
                0x000000002222211f                _memmap_cacheattr_wbna_trapnull = 0x2222211f
                0x000000002222211f                _memmap_cacheattr_wt_trapnull = 0x2222211f
                0x000000002222222f                _memmap_cacheattr_bp_trapnull = 0x2222222f
                0x00000000fffff11f                _memmap_cacheattr_wb_strict = 0xfffff11f
                0x00000000fffff11f                _memmap_cacheattr_wt_strict = 0xfffff11f
                0x00000000fffff22f                _memmap_cacheattr_bp_strict = 0xfffff22f
                0x0000000022222112                _memmap_cacheattr_wb_allvalid = 0x22222112
                0x0000000022222112                _memmap_cacheattr_wt_allvalid = 0x22222112
                0x0000000022222222                _memmap_cacheattr_bp_allvalid = 0x22222222
                [!provide]                        PROVIDE (_memmap_cacheattr_reset, _memmap_cacheattr_wb_trapnull)

.dport0.rodata  0x000000003ff00000        0x0
                0x000000003ff00000                _dport0_rodata_start = ABSOLUTE (.)
 *(.dport0.rodata)
 *(.dport.rodata)
                0x000000003ff00000                _dport0_rodata_end = ABSOLUTE (.)

.dport0.literal
                0x000000003ff00000        0x0
                0x000000003ff00000                _dport0_literal_start = ABSOLUTE (.)
 *(.dport0.literal)
 *(.dport.literal)
                0x000000003ff00000                _dport0_literal_end = ABSOLUTE (.)

.dport0.data    0x000000003ff00000        0x0
                0x000000003ff00000                _dport0_data_start = ABSOLUTE (.)
 *(.dport0.data)
 *(.dport.data)
                0x000000003ff00000                _dport0_data_end = ABSOLUTE (.)

.text           0x0000000040100000     0x7436
                0x0000000040100000                _stext = .
                0x0000000040100000                _text_start = ABSOLUTE (.)
                0x0000000040100000                . = ALIGN (0x10)
 *(.vecbase.text)
 .vecbase.text  0x0000000040100000      0x3b2 ./build/core.a(exception_vectors.o)
                0x0000000040100000                VecBase
                0x000000004010023c                call_user_start
                0x000000004010039e                _xt_user_exit
 *(.entry.text)
 *(.init.literal)
 *(.init)
 *(.iram1.*)
 *fill*         0x00000000401003b2        0x2 
 .iram1.text    0x00000000401003b4       0x4b ./build/open_esplibs_libmain.a(ets_timer.o)
                                         0x4f (size before relaxing)
 *fill*         0x00000000401003ff        0x1 
 .iram1.text    0x0000000040100400        0xb ./build/open_esplibs_libmain.a(misc.o)
                0x0000000040100404                sdk_os_get_cpu_frequency
 *fill*         0x000000004010040b        0x1 
 .iram1.text    0x000000004010040c      0x129 ./build/open_esplibs_libmain.a(os_cpu_a.o)
                                        0x175 (size before relaxing)
                0x000000004010040c                vPortYield
                0x0000000040100444                sdk__xt_int_enter
                0x000000004010045c                sdk__xt_int_exit
                0x000000004010048c                sdk__xt_timer_int
                0x00000000401004c8                sdk__xt_timer_int1
                0x00000000401004dc                sdk__xt_tick_timer_init
                0x0000000040100508                sdk__xt_isr_unmask
                0x0000000040100518                sdk__xt_isr_mask
                0x0000000040100528                sdk__xt_read_ints
                0x0000000040100530                sdk__xt_clear_ints
 *fill*         0x0000000040100535        0x3 
 .iram1.text    0x0000000040100538      0x3a0 ./build/open_esplibs_libmain.a(spi_flash.o)
                                        0x478 (size before relaxing)
                0x0000000040100560                sdk_SPIReadModeCnfig
                0x00000000401005dc                sdk_SPIWrite
                0x0000000040100698                sdk_SPIRead
                0x00000000401006c8                sdk_SPIEraseSector
                0x0000000040100728                sdk_spi_flash_get_id
                0x0000000040100784                sdk_spi_flash_read_status
                0x00000000401007c4                sdk_spi_flash_write_status
                0x0000000040100800                sdk_spi_flash_erase_sector
                0x0000000040100834                sdk_spi_flash_write
                0x0000000040100884                sdk_spi_flash_read
 .iram1.text    0x00000000401008d8      0x1cd ./build/open_esplibs_libmain.a(user_interface.o)
                                        0x1e8 (size before relaxing)
                0x00000000401008dc                sdk_system_rtc_mem_write
                0x0000000040100940                sdk_system_rtc_mem_read
                0x00000000401009b4                sdk_system_restart_in_nmi
 *fill*         0x0000000040100aa5        0x3 
 .iram1.text    0x0000000040100aa8      0x1c2 ./build/open_esplibs_libnet80211.a(ieee80211_hostap.o)
                                        0x1d6 (size before relaxing)
 *fill*         0x0000000040100c6a        0x2 
 .iram1.text    0x0000000040100c6c       0x59 ./build/open_esplibs_libnet80211.a(ieee80211_input.o)
                0x0000000040100c78                sdk_ieee80211_deliver_data
 *fill*         0x0000000040100cc5        0x3 
 .iram1.text    0x0000000040100cc8       0x5c ./build/open_esplibs_libwpa.a(os_xtensa.o)
                                         0x68 (size before relaxing)
                0x0000000040100cc8                sdk_os_get_time
                0x0000000040100ccc                sdk_os_random
                0x0000000040100cdc                sdk_os_get_random
 .iram1.text    0x0000000040100d24       0xdb ./build/freertos.a(port.o)
                                        0x103 (size before relaxing)
                0x0000000040100d2c                SV_ISR
                0x0000000040100d74                vPortEnterCritical
                0x0000000040100d9c                vPortExitCritical
                0x0000000040100dc8                PendSV
 *fill*         0x0000000040100dff        0x1 
 .iram1.text    0x0000000040100e00      0x30b ./build/core.a(app_main.o)
                                        0x363 (size before relaxing)
                0x0000000040100e28                vApplicationStackOverflowHook
                0x0000000040100e54                vApplicationIdleHook
                0x0000000040100e78                vApplicationTickHook
                0x0000000040100ef8                sdk_user_start
 *fill*         0x000000004010110b        0x1 
 .iram1.text    0x000000004010110c       0xa0 ./build/core.a(debug_dumps.o)
                                         0xb8 (size before relaxing)
                0x000000004010116c                debug_exception_handler
                0x000000004010116c                fatal_exception_handler
                0x000000004010118c                abort
 .iram1.text    0x00000000401011ac        0xe ./build/core.a(esp_hwrand.o)
                                         0x12 (size before relaxing)
                0x00000000401011ac                hwrand
 *fill*         0x00000000401011ba        0x2 
 .iram1.text    0x00000000401011bc       0xaa ./build/core.a(esp_interrupts.o)
                                         0xae (size before relaxing)
                0x00000000401011c0                _xt_isr_attach
                0x00000000401011d4                _xt_isr_handler
 *fill*         0x0000000040101266        0x2 
 .iram1.text    0x0000000040101268       0x34 ./build/core.a(newlib_syscalls.o)
                0x0000000040101274                _sbrk_r
 .iram1.text    0x000000004010129c       0x1b ./build/core.a(sdk_compat.o)
                0x00000000401012a0                zalloc
 *fill*         0x00000000401012b7        0x1 
 .iram1.text    0x00000000401012b8       0x67 ./build/core.a(spiflash-cache-enable.o)
                                         0x7b (size before relaxing)
                0x00000000401012c8                Cache_Read_Enable
 *fill*         0x000000004010131f        0x1 
 .iram1.text    0x0000000040101320      0x363 ./build/core.a(spiflash.o)
                                        0x41b (size before relaxing)
                0x0000000040101440                spiflash_write
                0x000000004010151c                spiflash_read
                0x0000000040101610                spiflash_erase_sector
 *fill*         0x0000000040101683        0x0 
 *fill*         0x0000000040101683        0x0 
 *fill*         0x0000000040101683        0x0 
 *fill*         0x0000000040101683        0x1 
 .iram1.text    0x0000000040101684       0x3d ./build/open_esplibs_libmain.a(xtensa_context.o)
                0x0000000040101684                sdk__xt_context_save
                0x00000000401016a0                sdk__xt_context_restore
 *fill*         0x00000000401016c1        0x0 
 *fill*         0x00000000401016c1        0x0 
 *fill*         0x00000000401016c1        0x0 
 *fill*         0x00000000401016c1        0x0 
 *fill*         0x00000000401016c1        0x3 
 .iram1.data    0x00000000401016c4        0x4 ./build/core.a(debug_dumps.o)
 *fill*         0x00000000401016c8        0x0 
 *fill*         0x00000000401016c8        0x0 
 *fill*         0x00000000401016c8        0x0 
 *fill*         0x00000000401016c8        0x0 
 *sdklib*:*(.literal .text .literal.* .text.*)
 .text          0x00000000401016c8        0xb ./build/sdklib/libnet80211.a(wl_chm.o)
                0x00000000401016cc                sdk_chm_get_current_channel
 *fill*         0x00000000401016d3        0x1 
 .text          0x00000000401016d4       0x4f ./build/sdklib/libphy.a(phy.o)
                                         0x53 (size before relaxing)
                0x00000000401016dc                sdk_register_phy_ops
                0x00000000401016fc                sdk_phy_change_channel
                0x0000000040101718                sdk_phy_get_mactime
 *fill*         0x0000000040101723        0x1 
 .text          0x0000000040101724       0xf7 ./build/sdklib/libphy.a(phy_sleep.o)
                                        0x103 (size before relaxing)
                0x0000000040101734                sdk_pm_rtc_clock_cali
                0x00000000401017f0                sdk_clockgate_watchdog
 *fill*         0x000000004010181b        0x1 
 .text          0x000000004010181c       0x94 ./build/sdklib/libpp.a(esf_buf.o)
                                         0xb4 (size before relaxing)
                0x0000000040101820                sdk_esf_rx_buf_alloc
 .text          0x00000000401018b0     0x14e0 ./build/sdklib/libpp.a(lmac.o)
                                       0x187c (size before relaxing)
                0x00000000401018b4                sdk_lmacIsActive
                0x00000000401018c8                sdk_lmacIsIdle
                0x0000000040101d10                sdk_lmacSetAcParam
                0x0000000040101dac                sdk_lmacProcessTXStartData
                0x0000000040101f54                sdk_lmacProcessTxSuccess
                0x000000004010209c                sdk_GetAccess
                0x00000000401020a8                sdk_lmacDiscardAgedMSDU
                0x00000000401020bc                sdk_lmacRecycleMPDU
                0x000000004010259c                sdk_lmacProcessCollisions
                0x00000000401025f8                sdk_lmacProcessCollision
                0x000000004010267c                sdk_lmacMSDUAged
                0x0000000040102a00                sdk_lmacProcessCtsTimeout
                0x0000000040102a48                sdk_lmacProcessAckTimeout
                0x0000000040102a9c                sdk_lmacProcessRtsStart
                0x0000000040102aa8                sdk_lmacProcessTxRtsError
                0x0000000040102b40                sdk_lmacProcessTxError
                0x0000000040102bc4                sdk_lmacTxFrame
                0x0000000040102d78                sdk_lmacRxDone
 .text          0x0000000040102d90      0xe70 ./build/sdklib/libpp.a(pp.o)
                                       0x103c (size before relaxing)
                0x0000000040102dc0                sdk_pp_soft_wdt_feed
                0x0000000040102ed4                sdk_ppProcessTxQ
                0x0000000040102fc4                sdk_ppFetchTxQFirstAvail
                0x0000000040103004                sdk_ppDequeueTxQ
                0x000000004010302c                sdk_ppRollBackTxQ
                0x0000000040103050                sdk_ppRecordBarRRC
                0x0000000040103060                sdk_ppTxqUpdateBitmap
                0x0000000040103084                sdk_ppEnqueueTxDone
                0x00000000401030b8                sdk_ppEnqueueRxq
                0x0000000040103880                sdk_ppDiscardMPDU
                0x00000000401038b4                sdk_MacIsrSigPostDefHdl
                0x00000000401039a8                sdk_pp_post
                0x0000000040103aac                sdk_ppCalTxop
                0x0000000040103b90                sdk_ppCalFrameTimes
 .text          0x0000000040103c00       0xf5 ./build/sdklib/libpp.a(rate_control.o)
                                        0x109 (size before relaxing)
                0x0000000040103c20                sdk_RC_GetAckRate
                0x0000000040103c2c                sdk_RC_GetRtsRate
                0x0000000040103c3c                sdk_RC_GetAckTime
                0x0000000040103c50                sdk_RC_GetCtsTime
                0x0000000040103c88                sdk_RC_GetBlockAckTime
 *fill*         0x0000000040103cf5        0x3 
 .text          0x0000000040103cf8      0x7f9 ./build/sdklib/libpp.a(trc.o)
                                        0x81d (size before relaxing)
                0x0000000040103e70                sdk_rcUpdateTxDone
                0x0000000040103f04                sdk_rcUpdateRxDone
                0x0000000040103f60                sdk_rcUpdateDataRxDone
                0x0000000040103f78                sdk_rcGetSched
                0x0000000040104020                sdk_rcGetRate
                0x0000000040104424                sdk_rcReachRetryLimit
                0x000000004010443c                sdk_trc_NeedRTS
 *fill*         0x00000000401044f1        0x3 
 .text          0x00000000401044f4     0x114b ./build/sdklib/libpp.a(wdev.o)
                                       0x1473 (size before relaxing)
                0x0000000040104848                sdk_wDev_MacTimSetFunc
                0x0000000040104868                sdk_wDev_MacTimArm
                0x000000004010490c                sdk_wDev_MacTim1Arm
                0x00000000401049e8                sdk_wDev_ProcessFiq
                0x0000000040104d8c                sdk_wDev_EnableTransmit
                0x0000000040104dd0                sdk_wDev_DisableTransmit
                0x0000000040104df0                sdk_Tx_Copy2Queue
                0x0000000040104e38                sdk_wDev_ProcessCollision
                0x0000000040104e5c                sdk_wDev_GetTxqCollisions
                0x0000000040104e6c                sdk_wDev_ClearTxqCollisions
                0x0000000040104e84                sdk_wDev_SetWaitingQueue
                0x0000000040104ed0                sdk_wDev_ClearWaitingQueue
                0x0000000040104ef0                sdk_wDev_SetFrameAckType
                0x0000000040104f54                sdk_wDev_AppendRxBlocks
                0x00000000401050fc                sdk_wDev_AppendRxAmpduLensBlocks
                0x0000000040105234                sdk_wDev_GetBAInfo
 *fill*         0x000000004010563f        0x1 
 .text          0x0000000040105640       0x25 ./build/sdklib/libnet80211.a(ieee80211_hostap.o)
 *fill*         0x0000000040105665        0x0 
 *fill*         0x0000000040105665        0x0 
 *fill*         0x0000000040105665        0x3 
 .text          0x0000000040105668        0x2 ./build/sdklib/libphy.a(phy_chip_v6.o)
                0x0000000040105668                sdk_ram_tx_mac_disable
 *fill*         0x000000004010566a        0x0 
 *fill*         0x000000004010566a        0x0 
 *fill*         0x000000004010566a        0x0 
 *fill*         0x000000004010566a        0x0 
 *fill*         0x000000004010566a        0x2 
 .text          0x000000004010566c       0x11 ./build/sdklib/libwpa.a(wpa_auth.o)
 *libgcc.a:*i3.o(.literal .text .literal.* .text.*)
 *fill*         0x000000004010567d        0x3 
 .literal       0x0000000040105680        0x0 ../esp-open-rtos/lib/libgcc.a(_muldi3.o)
                                          0x4 (size before relaxing)
 .literal       0x0000000040105680        0x0 ../esp-open-rtos/lib/libgcc.a(_divdi3.o)
                                         0x48 (size before relaxing)
 .literal       0x0000000040105680        0x0 ../esp-open-rtos/lib/libgcc.a(_umoddi3.o)
                                         0x40 (size before relaxing)
 .literal       0x0000000040105680        0x4 ../esp-open-rtos/libc/xtensa-lx106-elf/lib/libc.a(lib_a-malloc.o)
                                         0x10 (size before relaxing)
 .literal       0x0000000040105684        0x8 ../esp-open-rtos/libc/xtensa-lx106-elf/lib/libc.a(lib_a-nano-mallocr.o)
                                         0x20 (size before relaxing)
 .literal       0x000000004010568c        0x0 ../esp-open-rtos/libc/xtensa-lx106-elf/lib/libc.a(lib_a-nano-freer.o)
                                          0xc (size before relaxing)
 .literal       0x000000004010568c       0x24 ../esp-open-rtos/libc/xtensa-lx106-elf/lib/libc.a(lib_a-rand.o)
                                         0x58 (size before relaxing)
 .literal       0x00000000401056b0        0x0 ../esp-open-rtos/libc/xtensa-lx106-elf/lib/libc.a(lib_a-bzero.o)
                                          0x4 (size before relaxing)
 .literal       0x00000000401056b0        0xc ../esp-open-rtos/libc/xtensa-lx106-elf/lib/libc.a(lib_a-mlock.o)
                                         0x10 (size before relaxing)
 .literal       0x00000000401056bc        0x0 ../esp-open-rtos/libc/xtensa-lx106-elf/lib/libc.a(lib_a-printf.o)
                                          0xc (size before relaxing)
 .literal       0x00000000401056bc        0x0 ../esp-open-rtos/libc/xtensa-lx106-elf/lib/libc.a(lib_a-sprintf.o)
                                         0x14 (size before relaxing)
 .literal       0x00000000401056bc        0x0 ../esp-open-rtos/libc/xtensa-lx106-elf/lib/libc.a(lib_a-fprintf.o)
                                          0xc (size before relaxing)
 .literal       0x00000000401056bc       0x20 ../esp-open-rtos/libc/xtensa-lx106-elf/lib/libc.a(lib_a-nano-svfprintf.o)
                                         0x54 (size before relaxing)
 .literal       0x00000000401056dc       0x1c ../esp-open-rtos/libc/xtensa-lx106-elf/lib/libc.a(lib_a-nano-vfprintf.o)
                                         0x54 (size before relaxing)
 .literal       0x00000000401056f8       0x44 ../esp-open-rtos/libc/xtensa-lx106-elf/lib/libc.a(lib_a-findfp.o)
                                         0xa4 (size before relaxing)
 .literal       0x000000004010573c        0x8 ../esp-open-rtos/libc/xtensa-lx106-elf/lib/libc.a(lib_a-fputwc.o)
                                         0x20 (size before relaxing)
 .text          0x0000000040105744       0x36 ../esp-open-rtos/lib/libgcc.a(_muldi3.o)
                0x0000000040105744                __muldi3
 *fill*         0x000000004010577a        0x2 
 .text          0x000000004010577c      0x3eb ../esp-open-rtos/lib/libgcc.a(_divdi3.o)
                                        0x41b (size before relaxing)
                0x000000004010577c                __divdi3
 *fill*         0x0000000040105b67        0x1 
 .text          0x0000000040105b68      0x33a ../esp-open-rtos/lib/libgcc.a(_umoddi3.o)
                                        0x366 (size before relaxing)
                0x0000000040105b68                __umoddi3
 *fill*         0x0000000040105ea2        0x2 
 .text          0x0000000040105ea4       0x64 ../esp-open-rtos/lib/libgcc.a(_divsi3.o)
                0x0000000040105ea4                __divsi3
 .text          0x0000000040105f08       0x49 ../esp-open-rtos/lib/libgcc.a(_modsi3.o)
                0x0000000040105f08                __modsi3
 *fill*         0x0000000040105f51        0x3 
 .text          0x0000000040105f54       0x4c ../esp-open-rtos/lib/libgcc.a(_udivsi3.o)
                0x0000000040105f54                __udivsi3
 .text          0x0000000040105fa0       0x39 ../esp-open-rtos/lib/libgcc.a(_umodsi3.o)
                0x0000000040105fa0                __umodsi3
 *fill*         0x0000000040105fd9        0x3 
 .text          0x0000000040105fdc       0x18 ../esp-open-rtos/lib/libgcc.a(_ashrdi3.o)
                0x0000000040105fdc                __ashrdi3
 *fill*         0x0000000040105ff4        0x0 
 *fill*         0x0000000040105ff4        0x0 
 *fill*         0x0000000040105ff4        0x0 
 .text          0x0000000040105ff4       0x48 ../esp-open-rtos/lib/libgcc.a(_umulsidi3.o)
                0x0000000040105ff4                __umulsidi3
 *libc.a:*malloc.o(.literal .text .literal.* .text.*)
 .text          0x000000004010603c       0x35 ../esp-open-rtos/libc/xtensa-lx106-elf/lib/libc.a(lib_a-malloc.o)
                0x000000004010603c                malloc
                0x0000000040106058                free
 *libc.a:*mallocr.o(.literal .text .literal.* .text.*)
 *fill*         0x0000000040106071        0x3 
 .text          0x0000000040106074       0xed ../esp-open-rtos/libc/xtensa-lx106-elf/lib/libc.a(lib_a-nano-mallocr.o)
                                         0xf1 (size before relaxing)
                0x0000000040106074                _malloc_r
 *fill*         0x0000000040106161        0x0 
 *libc.a:*freer.o(.literal .text .literal.* .text.*)
 *fill*         0x0000000040106161        0x3 
 .text          0x0000000040106164       0xb1 ../esp-open-rtos/libc/xtensa-lx106-elf/lib/libc.a(lib_a-nano-freer.o)
                0x0000000040106164                _free_r
 *fill*         0x0000000040106215        0x0 
 *libc.a:*memcpy.o(.literal .text .literal.* .text.*)
 *fill*         0x0000000040106215        0x3 
 .text          0x0000000040106218      0x145 ../esp-open-rtos/libc/xtensa-lx106-elf/lib/libc.a(lib_a-memcpy.o)
                0x000000004010625c                memcpy
 *libc.a:*memset.o(.literal .text .literal.* .text.*)
 *fill*         0x000000004010635d        0x3 
 .text          0x0000000040106360       0x7c ../esp-open-rtos/libc/xtensa-lx106-elf/lib/libc.a(lib_a-memset.o)
                0x000000004010638c                memset
 *libc.a:*memcmp.o(.literal .text .literal.* .text.*)
 .text          0x00000000401063dc       0x23 ../esp-open-rtos/libc/xtensa-lx106-elf/lib/libc.a(lib_a-memcmp.o)
                0x00000000401063dc                memcmp
 *libc.a:*memmove.o(.literal .text .literal.* .text.*)
 *fill*         0x00000000401063ff        0x1 
 .text          0x0000000040106400       0x3b ../esp-open-rtos/libc/xtensa-lx106-elf/lib/libc.a(lib_a-memmove.o)
                0x0000000040106400                memmove
 *libc.a:*rand.o(.literal .text .literal.* .text.*)
 *fill*         0x000000004010643b        0x1 
 .text          0x000000004010643c       0xdd ../esp-open-rtos/libc/xtensa-lx106-elf/lib/libc.a(lib_a-rand.o)
                                         0xe1 (size before relaxing)
                0x000000004010643c                srand
                0x00000000401064a0                rand
 *fill*         0x0000000040106519        0x0 
 *libc.a:*bzero.o(.literal .text .literal.* .text.*)
 *fill*         0x0000000040106519        0x3 
 .text          0x000000004010651c       0x13 ../esp-open-rtos/libc/xtensa-lx106-elf/lib/libc.a(lib_a-bzero.o)
                                         0x17 (size before relaxing)
                0x000000004010651c                bzero
 *fill*         0x000000004010652f        0x0 
 *libc.a:*lock.o(.literal .text .literal.* .text.*)
 *fill*         0x000000004010652f        0x1 
 .text          0x0000000040106530       0x2d ../esp-open-rtos/libc/xtensa-lx106-elf/lib/libc.a(lib_a-mlock.o)
                0x0000000040106530                __malloc_lock
                0x0000000040106548                __malloc_unlock
 *fill*         0x000000004010655d        0x0 
 *libc.a:*-printf.o(.literal .text .literal.* .text.*)
 *fill*         0x000000004010655d        0x3 
 .text          0x0000000040106560       0x61 ../esp-open-rtos/libc/xtensa-lx106-elf/lib/libc.a(lib_a-printf.o)
                                         0x65 (size before relaxing)
                0x0000000040106560                _printf_r
                0x0000000040106560                _iprintf_r
                0x000000004010658c                printf
                0x000000004010658c                iprintf
 *fill*         0x00000000401065c1        0x0 
 *libc.a:*-sprintf.o(.literal .text .literal.* .text.*)
 *fill*         0x00000000401065c1        0x3 
 .text          0x00000000401065c4       0xb5 ../esp-open-rtos/libc/xtensa-lx106-elf/lib/libc.a(lib_a-sprintf.o)
                                         0xb9 (size before relaxing)
                0x00000000401065c4                _siprintf_r
                0x00000000401065c4                _sprintf_r
                0x000000004010661c                sprintf
                0x000000004010661c                siprintf
 *fill*         0x0000000040106679        0x0 
 *libc.a:*-fprintf.o(.literal .text .literal.* .text.*)
 *fill*         0x0000000040106679        0x3 
 .text          0x000000004010667c       0x57 ../esp-open-rtos/libc/xtensa-lx106-elf/lib/libc.a(lib_a-fprintf.o)
                                         0x5b (size before relaxing)
                0x000000004010667c                _fprintf_r
                0x000000004010667c                _fiprintf_r
                0x00000000401066a0                fprintf
                0x00000000401066a0                fiprintf
 *fill*         0x00000000401066d3        0x0 
 *libc.a:*-svfprintf.o(.literal .text .literal.* .text.*)
 *fill*         0x00000000401066d3        0x1 
 .text          0x00000000401066d4      0x4c1 ../esp-open-rtos/libc/xtensa-lx106-elf/lib/libc.a(lib_a-nano-svfprintf.o)
                                        0x4c5 (size before relaxing)
                0x00000000401066d4                __ssputs_r
                0x00000000401067cc                __ssprint_r
                0x0000000040106900                _svfprintf_r
                0x0000000040106900                _svfiprintf_r
 *fill*         0x0000000040106b95        0x0 
 *libc.a:*-vfprintf.o(.literal .text .literal.* .text.*)
 *fill*         0x0000000040106b95        0x3 
 .text          0x0000000040106b98      0x43b ../esp-open-rtos/libc/xtensa-lx106-elf/lib/libc.a(lib_a-nano-vfprintf.o)
                                        0x43f (size before relaxing)
                0x0000000040106bd0                __sfputs_r
                0x0000000040106c40                __sprint_r
                0x0000000040106cd0                _vfiprintf_r
                0x0000000040106cd0                _vfprintf_r
                0x0000000040106fac                vfiprintf
                0x0000000040106fac                vfprintf
 *fill*         0x0000000040106fd3        0x0 
 *libc.a:*findfp.o(.literal .text .literal.* .text.*)
 *fill*         0x0000000040106fd3        0x1 
 .text          0x0000000040106fd4      0x30f ../esp-open-rtos/libc/xtensa-lx106-elf/lib/libc.a(lib_a-findfp.o)
                                        0x317 (size before relaxing)
                0x000000004010702c                _cleanup_r
                0x00000000401070c4                __sfmoreglue
                0x0000000040107108                _cleanup
                0x000000004010711c                __sfp_lock_acquire
                0x0000000040107134                __sfp_lock_release
                0x000000004010714c                __sinit_lock_acquire
                0x0000000040107164                __sinit_lock_release
                0x000000004010717c                __sinit
                0x00000000401071f8                __sfp
                0x00000000401072a4                __fp_lock_all
                0x00000000401072c4                __fp_unlock_all
 *fill*         0x00000000401072e3        0x0 
 *libc.a:*fputwc.o(.literal .text .literal.* .text.*)
 *fill*         0x00000000401072e3        0x1 
 .text          0x00000000401072e4      0x152 ../esp-open-rtos/libc/xtensa-lx106-elf/lib/libc.a(lib_a-fputwc.o)
                                        0x156 (size before relaxing)
                0x00000000401072e4                __fputwc
                0x000000004010738c                _fputwc_r
                0x0000000040107400                fputwc
 *fill*         0x0000000040107436        0x0 
 *(.stub .gnu.warning .gnu.linkonce.literal.* .gnu.linkonce.t.*.literal .gnu.linkonce.t.*)
 *(.fini.literal)
 *(.fini)
 *(.gnu.version)
                0x0000000040107436                _text_end = ABSOLUTE (.)
                0x0000000040107436                _etext = .

.data           0x000000003ffe8000      0x964
                0x000000003ffe8000                _data_start = ABSOLUTE (.)
 *(.data)
 .data          0x000000003ffe8000        0x8 ./build/core.a(spiflash-cache-enable.o)
                0x000000003ffe8000                rboot_megabyte
 .data          0x000000003ffe8008       0xf4 ../esp-open-rtos/libc/xtensa-lx106-elf/lib/libc.a(lib_a-impure.o)
                0x000000003ffe8008                _impure_ptr
 .data          0x000000003ffe80fc      0x16c ../esp-open-rtos/libc/xtensa-lx106-elf/lib/libc.a(lib_a-locale.o)
                0x000000003ffe80fc                __global_locale
 .data          0x000000003ffe8268        0x1 ./build/sdklib/libmain.a(user_interface.o)
 *fill*         0x000000003ffe8269        0x3 
 .data          0x000000003ffe826c      0x1a8 ./build/sdklib/libnet80211.a(ieee80211_phy.o)
 *fill*         0x000000003ffe8414        0x4 
 .data          0x000000003ffe8418        0x6 ./build/sdklib/libnet80211.a(ieee80211_proto.o)
                0x000000003ffe8418                sdk_ieee80211_addr_bcast
 *fill*         0x000000003ffe841e        0x2 
 .data          0x000000003ffe8420       0x1c ./build/sdklib/libnet80211.a(ieee80211_action.o)
 *fill*         0x000000003ffe843c        0x4 
 .data          0x000000003ffe8440       0x53 ./build/sdklib/libphy.a(phy_chip_v6.o)
                0x000000003ffe8442                sdk_tx_rf_ana_gain
                0x000000003ffe8464                sdk_tx_pwctrl_atten_init_en
                0x000000003ffe8470                sdk_rx_gain_swp
                0x000000003ffe8490                sdk_test_rffreq_txcap
 *fill*         0x000000003ffe8493        0xd 
 .data          0x000000003ffe84a0       0x90 ./build/sdklib/libphy.a(phy_chip_v6_cal.o)
                0x000000003ffe84a0                sdk_dpd_index
                0x000000003ffe8500                sdk_dpd_db2linear
 .data          0x000000003ffe8530        0x4 ./build/sdklib/libphy.a(phy_sleep.o)
                0x000000003ffe8530                sdk_chip_version
 .data          0x000000003ffe8534      0x11c ./build/sdklib/libphy.a(phy_chip_v5_romfunc.o)
                0x000000003ffe8534                sdk_g_phyFuns
                0x000000003ffe8538                sdk_g_phyFuns_instance
 .data          0x000000003ffe8650        0x7 ./build/sdklib/libphy.a(phy_chip_v5_cal_romfunc.o)
 *fill*         0x000000003ffe8657        0x1 
 .data          0x000000003ffe8658        0x1 ./build/sdklib/libpp.a(pm.o)
 *fill*         0x000000003ffe8659        0x3 
 .data          0x000000003ffe865c       0x10 ./build/sdklib/libpp.a(pp.o)
                0x000000003ffe865c                sdk_NoiseTimerInterval
                0x000000003ffe8664                sdk_sleep_start_wait_time
 *fill*         0x000000003ffe866c        0x4 
 .data          0x000000003ffe8670       0x40 ./build/sdklib/libpp.a(rate_control.o)
 .data          0x000000003ffe86b0      0x22c ./build/sdklib/libpp.a(trc.o)
 *fill*         0x000000003ffe88dc        0x4 
 .data          0x000000003ffe88e0       0x10 ./build/sdklib/libpp.a(wdev.o)
 .data          0x000000003ffe88f0       0x18 ./build/sdklib/libnet80211.a(ieee80211_crypto_ccmp.o)
                0x000000003ffe88f0                sdk_ccmp
 .data          0x000000003ffe8908       0x18 ./build/sdklib/libnet80211.a(ieee80211_crypto_tkip.o)
                0x000000003ffe8908                sdk_tkip
 .data          0x000000003ffe8920       0x18 ./build/sdklib/libnet80211.a(ieee80211_crypto_wep.o)
                0x000000003ffe8920                sdk_wep
 *(.data.*)
 .data.cpu_freq
                0x000000003ffe8938        0x4 ./build/open_esplibs_libmain.a(misc.o)
 .data.sdk_flashchip
                0x000000003ffe893c       0x18 ./build/open_esplibs_libmain.a(spi_flash.o)
                0x000000003ffe893c                sdk_flashchip
 .data.sdk_dhcpc_flag
                0x000000003ffe8954        0x4 ./build/open_esplibs_libmain.a(user_interface.o)
                0x000000003ffe8954                sdk_dhcpc_flag
 .data.iss$5640
                0x000000003ffe8958        0x4 ./build/lwip.a(tcp.o)
 .data.tcp_port
                0x000000003ffe895c        0x2 ./build/lwip.a(tcp.o)
 .data.udp_port
                0x000000003ffe895e        0x2 ./build/lwip.a(udp.o)
 .data.current_stdout_write_r
                0x000000003ffe8960        0x4 ./build/core.a(newlib_syscalls.o)
 *(.gnu.linkonce.d.*)
 *(.data1)
 *(.sdata)
 *(.sdata.*)
 *(.gnu.linkonce.s.*)
 *(.sdata2)
 *(.sdata2.*)
 *(.gnu.linkonce.s2.*)
 *(.jcr)
                0x000000003ffe8964                _data_end = ABSOLUTE (.)

.rodata         0x000000003ffe8968     0x1188
                0x000000003ffe8968                _rodata_start = ABSOLUTE (.)
 *core.a:*(.rodata.* .rodata)
 .rodata.str1.4
                0x000000003ffe8968      0x19f ./build/core.a(app_main.o)
 *fill*         0x000000003ffe8b07        0x1 
 .rodata.CSWTCH$29
                0x000000003ffe8b08       0x24 ./build/core.a(app_main.o)
 .rodata.CSWTCH$28
                0x000000003ffe8b2c       0x40 ./build/core.a(app_main.o)
 .rodata.str1.4
                0x000000003ffe8b6c      0x1cc ./build/core.a(debug_dumps.o)
 .rodata        0x000000003ffe8d38       0x1c ./build/core.a(exception_vectors.o)
 *libc.a:*.o(.rodata.* .rodata)
 .rodata        0x000000003ffe8d54        0x4 ../esp-open-rtos/libc/xtensa-lx106-elf/lib/libc.a(lib_a-impure.o)
                0x000000003ffe8d54                _global_impure_ptr
 .rodata.str1.1
                0x000000003ffe8d58        0xa ../esp-open-rtos/libc/xtensa-lx106-elf/lib/libc.a(lib_a-locale.o)
                                          0xb (size before relaxing)
 .rodata.str1.1
                0x000000003ffe8d62       0x21 ../esp-open-rtos/libc/xtensa-lx106-elf/lib/libc.a(lib_a-mstats.o)
 .rodata.str1.1
                0x000000003ffe8d83       0x4b ../esp-open-rtos/libc/xtensa-lx106-elf/lib/libc.a(lib_a-nano-mallstatsr.o)
 .rodata.str1.1
                0x000000003ffe8dce       0x12 ../esp-open-rtos/libc/xtensa-lx106-elf/lib/libc.a(lib_a-nano-vfprintf_float.o)
 .rodata.str1.1
                0x000000003ffe8de0       0x22 ../esp-open-rtos/libc/xtensa-lx106-elf/lib/libc.a(lib_a-nano-vfprintf_i.o)
 .rodata.str1.1
                0x000000003ffe8e02        0x5 ../esp-open-rtos/libc/xtensa-lx106-elf/lib/libc.a(lib_a-nano-vfscanf_float.o)
 .rodata.str1.1
                0x000000003ffe8e07        0x5 ../esp-open-rtos/libc/xtensa-lx106-elf/lib/libc.a(lib_a-puts.o)
                                          0x2 (size before relaxing)
 .rodata.str1.1
                0x000000003ffe8e07        0x5 ../esp-open-rtos/libc/xtensa-lx106-elf/lib/libc.a(lib_a-strtod.o)
                                          0xc (size before relaxing)
 *fill*         0x000000003ffe8e07        0x1 
 .rodata        0x000000003ffe8e08       0x70 ../esp-open-rtos/libc/xtensa-lx106-elf/lib/libc.a(lib_a-strtod.o)
 .rodata        0x000000003ffe8e78      0x101 ../esp-open-rtos/libc/xtensa-lx106-elf/lib/libc.a(lib_a-ctype_.o)
                0x000000003ffe8e78                _ctype_
 .rodata.str1.1
                0x000000003ffe8f79        0xd ../esp-open-rtos/libc/xtensa-lx106-elf/lib/libc.a(lib_a-dtoa.o)
                                          0xf (size before relaxing)
 *fill*         0x000000003ffe8f86        0x2 
 .rodata        0x000000003ffe8f88      0x128 ../esp-open-rtos/libc/xtensa-lx106-elf/lib/libc.a(lib_a-mprec.o)
                0x000000003ffe8f98                __mprec_tinytens
                0x000000003ffe8fc0                __mprec_bigtens
                0x000000003ffe8fe8                __mprec_tens
 .rodata.str1.1
                0x000000003ffe90b0       0x11 ../esp-open-rtos/libc/xtensa-lx106-elf/lib/libc.a(lib_a-nano-svfprintf.o)
 .rodata.str1.1
                0x000000003ffe90c1       0x11 ../esp-open-rtos/libc/xtensa-lx106-elf/lib/libc.a(lib_a-nano-vfprintf.o)
 .rodata.str1.1
                0x000000003ffe90c1        0x3 ../esp-open-rtos/libc/xtensa-lx106-elf/lib/libc.a(lib_a-perror.o)
 .rodata.str1.1
                0x000000003ffe90c4      0x696 ../esp-open-rtos/libc/xtensa-lx106-elf/lib/libc.a(lib_a-strerror.o)
                                        0x697 (size before relaxing)
 *fill*         0x000000003ffe975a        0x2 
 .rodata        0x000000003ffe975c      0x23c ../esp-open-rtos/libc/xtensa-lx106-elf/lib/libc.a(lib_a-strerror.o)
 *freertos.a:*(.rodata.* .rodata)
 .rodata.str1.4
                0x000000003ffe9998       0x49 ./build/freertos.a(tasks.o)
 *fill*         0x000000003ffe99e1        0x3 
 .rodata.str1.4
                0x000000003ffe99e4       0x4d ./build/freertos.a(timers.o)
 *fill*         0x000000003ffe9a31        0x3 
 .rodata.str1.4
                0x000000003ffe9a34       0x68 ./build/freertos.a(port.o)
 .rodata.str1.4
                0x000000003ffe9a9c       0x44 ./build/freertos.a(queue.o)
 *libmain.a:spi_flash.o(.rodata.* .rodata)
 *libpp.a:wdev.o(.rodata.* .rodata)
 .rodata.str1.4
                0x000000003ffe9ae0       0x10 ./build/sdklib/libpp.a(wdev.o)
                                          0xf (size before relaxing)
                0x000000003ffe9af0                _rodata_end = ABSOLUTE (.)

.bss            0x000000003ffe9af0     0x8430
                0x000000003ffe9af0                . = ALIGN (0x8)
                0x000000003ffe9af0                _bss_start = ABSOLUTE (.)
 *(.dynsbss)
 *(.sbss)
 *(.sbss.*)
 *(.gnu.linkonce.sb.*)
 *(.scommon)
 *(.sbss2)
 *(.sbss2.*)
 *(.gnu.linkonce.sb2.*)
 *(.dynbss)
 *(.bss)
 .bss           0x000000003ffe9af0      0x228 ./build/core.a(exception_vectors.o)
                0x000000003ffe9d04                debug_saved_ctx
 .bss           0x000000003ffe9d18        0xc ../esp-open-rtos/libc/xtensa-lx106-elf/lib/libc.a(lib_a-arc4random.o)
                0x000000003ffe9d18                __arc4random_mutex
 .bss           0x000000003ffe9d24        0x4 ../esp-open-rtos/libc/xtensa-lx106-elf/lib/libc.a(lib_a-__call_atexit.o)
                0x000000003ffe9d24                __atexit_recursive_mutex
 .bss           0x000000003ffe9d28        0x4 ../esp-open-rtos/libc/xtensa-lx106-elf/lib/libc.a(lib_a-envlock.o)
                0x000000003ffe9d28                __env_recursive_mutex
 .bss           0x000000003ffe9d2c        0x8 ../esp-open-rtos/libc/xtensa-lx106-elf/lib/libc.a(lib_a-findfp.o)
                0x000000003ffe9d2c                __sinit_recursive_mutex
                0x000000003ffe9d30                __sfp_recursive_mutex
 .bss           0x000000003ffe9d34        0x4 ../esp-open-rtos/libc/xtensa-lx106-elf/lib/libc.a(lib_a-mlock.o)
                0x000000003ffe9d34                __malloc_recursive_mutex
 .bss           0x000000003ffe9d38       0x28 ../esp-open-rtos/libc/xtensa-lx106-elf/lib/libc.a(lib_a-nano-mallinfor.o)
                0x000000003ffe9d38                __malloc_current_mallinfo
 .bss           0x000000003ffe9d60        0x8 ../esp-open-rtos/libc/xtensa-lx106-elf/lib/libc.a(lib_a-nano-mallocr.o)
                0x000000003ffe9d60                __malloc_sbrk_start
                0x000000003ffe9d64                __malloc_free_list
 .bss           0x000000003ffe9d68        0x8 ../esp-open-rtos/libc/xtensa-lx106-elf/lib/libc.a(lib_a-quick_exit.o)
                0x000000003ffe9d68                __at_quick_exit_mutex
 .bss           0x000000003ffe9d70        0x4 ../esp-open-rtos/libc/xtensa-lx106-elf/lib/libc.a(lib_a-tzlock.o)
                0x000000003ffe9d70                __tz_mutex
 *fill*         0x000000003ffe9d74        0xc 
 .bss           0x000000003ffe9d80      0x131 ./build/sdklib/libmain.a(user_interface.o)
 *fill*         0x000000003ffe9eb1        0x3 
 .bss           0x000000003ffe9eb4      0x54c ./build/sdklib/libnet80211.a(ieee80211.o)
                0x000000003ffe9eb4                sdk_g_ic
                0x000000003ffea3fc                sdk_xieee80211Queue
 .bss           0x000000003ffea400       0x28 ./build/sdklib/libnet80211.a(ieee80211_hostap.o)
                0x000000003ffea420                sdk_TmpSTAAPCloseAP
                0x000000003ffea421                sdk_PendFreeBcnEb
 .bss           0x000000003ffea428       0xe4 ./build/sdklib/libnet80211.a(ieee80211_scan.o)
                0x000000003ffea428                sdk_gScanStruct
                0x000000003ffea4ec                sdk_auth_type
                0x000000003ffea4ee                sdk_scannum
 .bss           0x000000003ffea50c       0x44 ./build/sdklib/libnet80211.a(wl_chm.o)
 .bss           0x000000003ffea550      0x780 ./build/sdklib/libnet80211.a(wl_cnx.o)
                0x000000003ffeacb0                sdk_sta_con_timer
                0x000000003ffeaccc                sdk_g_cnx_probe_rc_list_cb
 .bss           0x000000003ffeacd0        0x4 ./build/sdklib/libphy.a(phy.o)
 *fill*         0x000000003ffeacd4        0xc 
 .bss           0x000000003ffeace0      0x38b ./build/sdklib/libphy.a(phy_chip_v6.o)
                0x000000003ffeace0                sdk_rxiq_compute_num
                0x000000003ffeace4                sdk_rxdc_init_flag
                0x000000003ffeace8                sdk_check_result
                0x000000003ffeacec                sdk_chip6_sleep_params
                0x000000003ffeaec4                sdk_chip6_phy_init_ctrl
                0x000000003ffeaf32                sdk_phy_freq_offset
                0x000000003ffeaf34                sdk_do_pwctrl_flag
                0x000000003ffeaf35                sdk_pwctrl_debug
                0x000000003ffeaf36                sdk_txbk_dpdby_flag
                0x000000003ffeaf38                sdk_sw_scan_mode
                0x000000003ffeaf4c                sdk_periodic_cal_dc_num
                0x000000003ffeaf50                sdk_periodic_cal_flag
                0x000000003ffeaf51                sdk_bbpll_cal_flag
                0x000000003ffeaf52                sdk_deep_sleep_en
                0x000000003ffeaf58                sdk_noise_array
                0x000000003ffeb060                sdk_tx_pwctrl_atten_init
 *fill*         0x000000003ffeb06b        0x1 
 .bss           0x000000003ffeb06c        0x6 ./build/sdklib/libphy.a(phy_chip_v6_cal.o)
                0x000000003ffeb06c                sdk_loop_pwctrl_pwdet_error_accum_high_power
                0x000000003ffeb06e                sdk_tx_pwctrl_pk_num
                0x000000003ffeb06f                sdk_loop_pwctrl_correct_atten_high_power
                0x000000003ffeb070                sdk_tx_pwctrl_set_chan_flag
                0x000000003ffeb071                sdk_rxiq_cover_fail_num
 *fill*         0x000000003ffeb072        0x2 
 .bss           0x000000003ffeb074        0x4 ./build/sdklib/libphy.a(phy_sleep.o)
                0x000000003ffeb074                sdk_periodic_cal_sat
                0x000000003ffeb075                sdk_software_slp_reject
                0x000000003ffeb076                sdk_SDIO_slp_reject
                0x000000003ffeb077                sdk_hardware_reject
 *fill*         0x000000003ffeb078        0x8 
 .bss           0x000000003ffeb080     0x11e8 ./build/sdklib/libpp.a(esf_buf.o)
 *fill*         0x000000003ffec268        0x8 
 .bss           0x000000003ffec270       0x30 ./build/sdklib/libpp.a(if_hwctrl.o)
                0x000000003ffec270                sdk_interface_mask
                0x000000003ffec280                sdk_if_ctrl
 .bss           0x000000003ffec2a0      0x150 ./build/sdklib/libpp.a(lmac.o)
                0x000000003ffec2a4                sdk_lmacConfMib
 .bss           0x000000003ffec3f0      0x149 ./build/sdklib/libpp.a(pm.o)
 *fill*         0x000000003ffec539        0x7 
 .bss           0x000000003ffec540      0x352 ./build/sdklib/libpp.a(pp.o)
                0x000000003ffec568                sdk_pend_flag_noise_check
                0x000000003ffec570                sdk_pend_flag_periodic_cal
                0x000000003ffec594                sdk_dbg_stop_sw_wdt
                0x000000003ffec595                sdk_dbg_stop_hw_wdt
 *fill*         0x000000003ffec892        0xe 
 .bss           0x000000003ffec8a0      0x100 ./build/sdklib/libpp.a(rate_control.o)
 .bss           0x000000003ffec9a0      0x268 ./build/sdklib/libpp.a(trc.o)
 *fill*         0x000000003ffecc08        0x8 
 .bss           0x000000003ffecc10     0x4721 ./build/sdklib/libpp.a(wdev.o)
                0x000000003ffecc10                sdk_wDevCtrl
                0x000000003ffecdb4                sdk_NMIIrqIsOn
                0x000000003ffecdb8                sdk_WdevTimOffSet
 *fill*         0x000000003fff1331        0xf 
 .bss           0x000000003fff1340      0x27a ./build/sdklib/libwpa.a(wpa.o)
 *fill*         0x000000003fff15ba        0x6 
 .bss           0x000000003fff15c0       0xb0 ./build/sdklib/libwpa.a(aes-internal-dec.o)
 .bss           0x000000003fff1670        0x8 ./build/sdklib/libnet80211.a(ieee80211_crypto_tkip.o)
 *(.bss.*)
 .bss.task_handle
                0x000000003fff1678        0x4 ./build/open_esplibs_libmain.a(ets_timer.o)
 .bss.timer_list
                0x000000003fff167c        0x4 ./build/open_esplibs_libmain.a(ets_timer.o)
 .bss.armed_timer_count
                0x000000003fff1680        0x1 ./build/open_esplibs_libmain.a(timers.o)
 *fill*         0x000000003fff1681        0x3 
 .bss.timer_list
                0x000000003fff1684        0x4 ./build/open_esplibs_libmain.a(timers.o)
 .bss.hostap_timer_parg
                0x000000003fff1688        0x4 ./build/open_esplibs_libnet80211.a(ieee80211_hostap.o)
 .bss.hostap_timer
                0x000000003fff168c       0x1c ./build/open_esplibs_libnet80211.a(ieee80211_hostap.o)
 .bss.hostap_flags
                0x000000003fff16a8        0x1 ./build/open_esplibs_libnet80211.a(ieee80211_hostap.o)
 *fill*         0x000000003fff16a9        0x3 
 .bss.pp_zeros  0x000000003fff16ac       0x20 ./build/open_esplibs_libpp.a(pp.o)
 .bss.uxSchedulerSuspended
                0x000000003fff16cc        0x4 ./build/freertos.a(tasks.o)
 .bss.xIdleTaskHandle
                0x000000003fff16d0        0x4 ./build/freertos.a(tasks.o)
 .bss.xNextTaskUnblockTime
                0x000000003fff16d4        0x4 ./build/freertos.a(tasks.o)
 .bss.uxTaskNumber
                0x000000003fff16d8        0x4 ./build/freertos.a(tasks.o)
 .bss.xNumOfOverflows
                0x000000003fff16dc        0x4 ./build/freertos.a(tasks.o)
 .bss.xYieldPending
                0x000000003fff16e0        0x4 ./build/freertos.a(tasks.o)
 .bss.uxPendedTicks
                0x000000003fff16e4        0x4 ./build/freertos.a(tasks.o)
 .bss.xSchedulerRunning
                0x000000003fff16e8        0x4 ./build/freertos.a(tasks.o)
 .bss.uxTopReadyPriority
                0x000000003fff16ec        0x4 ./build/freertos.a(tasks.o)
 .bss.xTickCount
                0x000000003fff16f0        0x4 ./build/freertos.a(tasks.o)
 .bss.uxCurrentNumberOfTasks
                0x000000003fff16f4        0x4 ./build/freertos.a(tasks.o)
 .bss.xSuspendedTaskList
                0x000000003fff16f8       0x14 ./build/freertos.a(tasks.o)
 .bss.uxDeletedTasksWaitingCleanUp
                0x000000003fff170c        0x4 ./build/freertos.a(tasks.o)
 .bss.xTasksWaitingTermination
                0x000000003fff1710       0x14 ./build/freertos.a(tasks.o)
 .bss.xPendingReadyList
                0x000000003fff1724       0x14 ./build/freertos.a(tasks.o)
 .bss.pxOverflowDelayedTaskList
                0x000000003fff1738        0x4 ./build/freertos.a(tasks.o)
 .bss.pxDelayedTaskList
                0x000000003fff173c        0x4 ./build/freertos.a(tasks.o)
 .bss.xDelayedTaskList2
                0x000000003fff1740       0x14 ./build/freertos.a(tasks.o)
 .bss.xDelayedTaskList1
                0x000000003fff1754       0x14 ./build/freertos.a(tasks.o)
 .bss.pxReadyTasksLists
                0x000000003fff1768      0x12c ./build/freertos.a(tasks.o)
 .bss.pxCurrentTCB
                0x000000003fff1894        0x4 ./build/freertos.a(tasks.o)
                0x000000003fff1894                pxCurrentTCB
 .bss.xLastTime$3532
                0x000000003fff1898        0x4 ./build/freertos.a(timers.o)
 .bss.xTimerTaskHandle
                0x000000003fff189c        0x4 ./build/freertos.a(timers.o)
 .bss.xTimerQueue
                0x000000003fff18a0        0x4 ./build/freertos.a(timers.o)
 .bss.pxOverflowTimerList
                0x000000003fff18a4        0x4 ./build/freertos.a(timers.o)
 .bss.pxCurrentTimerList
                0x000000003fff18a8        0x4 ./build/freertos.a(timers.o)
 .bss.xActiveTimerList2
                0x000000003fff18ac       0x14 ./build/freertos.a(timers.o)
 .bss.xActiveTimerList1
                0x000000003fff18c0       0x14 ./build/freertos.a(timers.o)
 .bss.uxCriticalNesting
                0x000000003fff18d4        0x4 ./build/freertos.a(port.o)
 .bss.pending_maclayer_sv
                0x000000003fff18d8        0x4 ./build/freertos.a(port.o)
 .bss.pending_soft_sv
                0x000000003fff18dc        0x4 ./build/freertos.a(port.o)
 .bss.critical_nesting
                0x000000003fff18e0        0x4 ./build/lwip.a(sys_arch.o)
 .bss.tcpip_mbox
                0x000000003fff18e4        0x4 ./build/lwip.a(tcpip.o)
 .bss.tcpip_init_done_arg
                0x000000003fff18e8        0x4 ./build/lwip.a(tcpip.o)
 .bss.tcpip_init_done
                0x000000003fff18ec        0x4 ./build/lwip.a(tcpip.o)
 .bss.netif_num
                0x000000003fff18f0        0x1 ./build/lwip.a(netif.o)
 .bss.tcp_timer_ctr
                0x000000003fff18f1        0x1 ./build/lwip.a(tcp.o)
 .bss.tcp_timer
                0x000000003fff18f2        0x1 ./build/lwip.a(tcp.o)
 *fill*         0x000000003fff18f3        0x1 
 .bss.recv_data
                0x000000003fff18f4        0x4 ./build/lwip.a(tcp_in.o)
 .bss.recv_flags
                0x000000003fff18f8        0x1 ./build/lwip.a(tcp_in.o)
 .bss.flags     0x000000003fff18f9        0x1 ./build/lwip.a(tcp_in.o)
 .bss.tcplen    0x000000003fff18fa        0x2 ./build/lwip.a(tcp_in.o)
 .bss.recv_acked
                0x000000003fff18fc        0x2 ./build/lwip.a(tcp_in.o)
 *fill*         0x000000003fff18fe        0x2 
 .bss.ackno     0x000000003fff1900        0x4 ./build/lwip.a(tcp_in.o)
 .bss.seqno     0x000000003fff1904        0x4 ./build/lwip.a(tcp_in.o)
 .bss.tcp_optidx
                0x000000003fff1908        0x2 ./build/lwip.a(tcp_in.o)
 *fill*         0x000000003fff190a        0x2 
 .bss.tcphdr_opt2
                0x000000003fff190c        0x4 ./build/lwip.a(tcp_in.o)
 .bss.tcphdr_opt1len
                0x000000003fff1910        0x2 ./build/lwip.a(tcp_in.o)
 .bss.tcphdr_optlen
                0x000000003fff1912        0x2 ./build/lwip.a(tcp_in.o)
 .bss.tcphdr    0x000000003fff1914        0x4 ./build/lwip.a(tcp_in.o)
 .bss.inseg     0x000000003fff1918       0x10 ./build/lwip.a(tcp_in.o)
 .bss.tcpip_tcp_timer_active
                0x000000003fff1928        0x4 ./build/lwip.a(timeouts.o)
 .bss.current_timeout_due_time
                0x000000003fff192c        0x4 ./build/lwip.a(timeouts.o)
 .bss.next_timeout
                0x000000003fff1930        0x4 ./build/lwip.a(timeouts.o)
 .bss.xid$4581  0x000000003fff1934        0x4 ./build/lwip.a(dhcp.o)
 .bss.dhcp_pcb_refcount
                0x000000003fff1938        0x1 ./build/lwip.a(dhcp.o)
 *fill*         0x000000003fff1939        0x3 
 .bss.dhcp_pcb  0x000000003fff193c        0x4 ./build/lwip.a(dhcp.o)
 .bss.etharp_cached_entry
                0x000000003fff1940        0x1 ./build/lwip.a(etharp.o)
 *fill*         0x000000003fff1941        0x3 
 .bss.arp_table
                0x000000003fff1944       0xf0 ./build/lwip.a(etharp.o)
 .bss.allrouters
                0x000000003fff1a34        0x4 ./build/lwip.a(igmp.o)
 .bss.allsystems
                0x000000003fff1a38        0x4 ./build/lwip.a(igmp.o)
 .bss.ip4_default_multicast_netif
                0x000000003fff1a3c        0x4 ./build/lwip.a(ip4.o)
 .bss.ip_id     0x000000003fff1a40        0x2 ./build/lwip.a(ip4.o)
 .bss.ip_reass_pbufcount
                0x000000003fff1a42        0x2 ./build/lwip.a(ip4_frag.o)
 .bss.reassdatagrams
                0x000000003fff1a44        0x4 ./build/lwip.a(ip4_frag.o)
 .bss.dns_servers
                0x000000003fff1a48        0x8 ./build/lwip.a(dns.o)
 .bss.dns_requests
                0x000000003fff1a50        0xc ./build/lwip.a(dns.o)
 .bss.dns_table
                0x000000003fff1a5c       0x94 ./build/lwip.a(dns.o)
 .bss.dns_pcbs  0x000000003fff1af0        0x4 ./build/lwip.a(dns.o)
 .bss.user_exception_handler
                0x000000003fff1af4        0x4 ./build/core.a(debug_dumps.o)
 .bss.heap_end$5056
                0x000000003fff1af8        0x4 ./build/core.a(newlib_syscalls.o)
 .bss.locks_initialized
                0x000000003fff1afc        0x4 ./build/core.a(newlib_syscalls.o)
 .bss._sysparam_info
                0x000000003fff1b00       0x18 ./build/core.a(sysparam.o)
 .bss.wifi_alive
                0x000000003fff1b18        0x1 ./build/program.a(wifi_task.o)
 *fill*         0x000000003fff1b19        0x3 
 .bss.select_cb_list
                0x000000003fff1b1c        0x4 ./build/lwip.a(sockets.o)
 .bss.sockets   0x000000003fff1b20       0xc0 ./build/lwip.a(sockets.o)
 *(.gnu.linkonce.b.*)
 *(COMMON)
 COMMON         0x000000003fff1be0        0x4 ./build/open_esplibs_libmain.a(misc.o)
                0x000000003fff1be0                sdk__putc1
 COMMON         0x000000003fff1be4       0x28 ./build/open_esplibs_libmain.a(user_interface.o)
                0x000000003fff1be4                sdk_cpu_overclock
                0x000000003fff1be8                sdk_rst_if
                0x000000003fff1c08                sdk_promiscuous_cb
 COMMON         0x000000003fff1c0c        0xc ./build/freertos.a(port.o)
                0x000000003fff1c0c                level1_int_disabled
                0x000000003fff1c10                cpu_sr
                0x000000003fff1c14                xPortSupervisorStackPointer
 COMMON         0x000000003fff1c18        0x4 ./build/lwip.a(esp_interface.o)
                0x000000003fff1c18                pp_rx_pool_usage
 COMMON         0x000000003fff1c1c        0xc ./build/lwip.a(sys_arch.o)
                0x000000003fff1c1c                lwip_tcpip_thread
                0x000000003fff1c20                lwip_core_lock_count
                0x000000003fff1c24                lwip_core_lock_holder_thread
 COMMON         0x000000003fff1c28        0x4 ./build/lwip.a(tcpip.o)
                0x000000003fff1c28                lock_tcpip_core
 COMMON         0x000000003fff1c2c        0x8 ./build/lwip.a(netif.o)
                0x000000003fff1c2c                netif_list
                0x000000003fff1c30                netif_default
 COMMON         0x000000003fff1c34        0x1 ./build/lwip.a(pbuf.o)
                0x000000003fff1c34                pbuf_free_ooseq_pending
 *fill*         0x000000003fff1c35        0x3 
 COMMON         0x000000003fff1c38       0x18 ./build/lwip.a(tcp.o)
                0x000000003fff1c38                tcp_active_pcbs_changed
                0x000000003fff1c3c                tcp_active_pcbs
                0x000000003fff1c40                tcp_ticks
                0x000000003fff1c44                tcp_listen_pcbs
                0x000000003fff1c48                tcp_bound_pcbs
                0x000000003fff1c4c                tcp_tw_pcbs
 COMMON         0x000000003fff1c50        0x4 ./build/lwip.a(tcp_in.o)
                0x000000003fff1c50                tcp_input_pcb
 COMMON         0x000000003fff1c54        0x4 ./build/lwip.a(udp.o)
                0x000000003fff1c54                udp_pcbs
 COMMON         0x000000003fff1c58       0x34 ./build/lwip.a(dhcp.o)
                0x000000003fff1c58                dhcp_rx_options_given
                0x000000003fff1c64                dhcp_rx_options_val
 COMMON         0x000000003fff1c8c       0x18 ./build/lwip.a(ip.o)
                0x000000003fff1c8c                ip_data
 COMMON         0x000000003fff1ca4       0x2d ./build/core.a(app_main.o)
                0x000000003fff1ca4                sdk_info
                0x000000003fff1cc8                sdk_xWatchDogTaskHandle
                0x000000003fff1ccc                sdk_xUserTaskHandle
                0x000000003fff1cd0                sdk_user_init_flag
 *fill*         0x000000003fff1cd1        0x3 
 COMMON         0x000000003fff1cd4       0x81 ./build/core.a(esp_interrupts.o)
                0x000000003fff1cd4                isr
                0x000000003fff1d54                esp_in_isr
 *fill*         0x000000003fff1d55        0x3 
 COMMON         0x000000003fff1d58      0x138 ../esp-open-rtos/libc/xtensa-lx106-elf/lib/libc.a(lib_a-findfp.o)
                0x000000003fff1d58                __sf
 COMMON         0x000000003fff1e90       0x90 ./build/lwip.a(sockets.o)
                0x000000003fff1e90                socket_ipv4_multicast_memberships
                0x000000003fff1f20                . = ALIGN (0x8)
                0x000000003fff1f20                _bss_end = ABSOLUTE (.)
                0x000000003fff1f20                _heap_start = ABSOLUTE (.)

.irom0.text     0x0000000040202010    0x38320
                0x0000000040202010                _irom0_text_start = ABSOLUTE (.)
 *(.literal .text .literal.* .text.* .rodata .rodata.*)
 .text.add_pending_timer
                0x0000000040202010       0x9c ./build/open_esplibs_libmain.a(ets_timer.o)
 .text.timer_task
                0x00000000402020ac       0xb9 ./build/open_esplibs_libmain.a(ets_timer.o)
                                         0xd5 (size before relaxing)
 *fill*         0x0000000040202165        0x3 
 .text.sdk_ets_timer_arm_ms_us
                0x0000000040202168       0x69 ./build/open_esplibs_libmain.a(ets_timer.o)
                                         0x7d (size before relaxing)
                0x0000000040202170                sdk_ets_timer_arm_ms_us
 *fill*         0x00000000402021d1        0x3 
 .text.sdk_ets_timer_arm
                0x00000000402021d4       0x17 ./build/open_esplibs_libmain.a(ets_timer.o)
                                         0x1b (size before relaxing)
                0x00000000402021d4                sdk_ets_timer_arm
 *fill*         0x00000000402021eb        0x1 
 .text.sdk_ets_timer_disarm
                0x00000000402021ec       0x51 ./build/open_esplibs_libmain.a(ets_timer.o)
                                         0x5d (size before relaxing)
                0x00000000402021ec                sdk_ets_timer_disarm
 *fill*         0x000000004020223d        0x3 
 .text.sdk_ets_timer_init
                0x0000000040202240       0xa8 ./build/open_esplibs_libmain.a(ets_timer.o)
                                         0xb8 (size before relaxing)
                0x000000004020225c                sdk_ets_timer_init
 .text.sdk_os_update_cpu_frequency
                0x00000000402022e8        0xb ./build/open_esplibs_libmain.a(misc.o)
                0x00000000402022ec                sdk_os_update_cpu_frequency
                0x00000000402022ec                sdk_ets_update_cpu_frequency
 *fill*         0x00000000402022f3        0x1 
 .text.sdk_os_delay_us
                0x00000000402022f4       0x19 ./build/open_esplibs_libmain.a(misc.o)
                                         0x1d (size before relaxing)
                0x00000000402022f4                sdk_os_delay_us
                0x00000000402022f4                sdk_ets_delay_us
 *fill*         0x000000004020230d        0x3 
 .text.sdk_os_install_putc1
                0x0000000040202310        0xb ./build/open_esplibs_libmain.a(misc.o)
                0x0000000040202314                sdk_os_install_putc1
 *fill*         0x000000004020231b        0x1 
 .text.sdk_gpio_output_set
                0x000000004020231c       0x1d ./build/open_esplibs_libmain.a(misc.o)
                0x0000000040202320                sdk_gpio_output_set
 *fill*         0x0000000040202339        0x3 
 .text.sdk_rtc_get_reset_reason
                0x000000004020233c       0x4a ./build/open_esplibs_libmain.a(misc.o)
                0x0000000040202344                sdk_rtc_get_reset_reason
 *fill*         0x0000000040202386        0x2 
 .text.timer_tramp
                0x0000000040202388       0x17 ./build/open_esplibs_libmain.a(timers.o)
                                         0x1f (size before relaxing)
 *fill*         0x000000004020239f        0x1 
 .text.sdk_os_timer_setfn
                0x00000000402023a0       0xac ./build/open_esplibs_libmain.a(timers.o)
                                         0xb8 (size before relaxing)
                0x00000000402023b0                sdk_os_timer_setfn
 .text.sdk_os_timer_arm
                0x000000004020244c       0xac ./build/open_esplibs_libmain.a(timers.o)
                                         0xd4 (size before relaxing)
                0x0000000040202458                sdk_os_timer_arm
 .text.sdk_os_timer_disarm
                0x00000000402024f8       0x27 ./build/open_esplibs_libmain.a(timers.o)
                                         0x37 (size before relaxing)
                0x00000000402024fc                sdk_os_timer_disarm
 *fill*         0x000000004020251f        0x1 
 .text._check_boot_version
                0x0000000040202520       0x3a ./build/open_esplibs_libmain.a(user_interface.o)
                                         0x3e (size before relaxing)
 *fill*         0x000000004020255a        0x2 
 .text.wifi_save_protect
                0x000000004020255c       0x9b ./build/open_esplibs_libmain.a(user_interface.o)
                                         0x9f (size before relaxing)
 *fill*         0x00000000402025f7        0x1 
 .text.sdk_system_pp_recycle_rx_pkt
                0x00000000402025f8        0xf ./build/open_esplibs_libmain.a(user_interface.o)
                                         0x17 (size before relaxing)
                0x00000000402025f8                sdk_system_pp_recycle_rx_pkt
 *fill*         0x0000000040202607        0x1 
 .text.sdk_system_restart
                0x0000000040202608       0x53 ./build/open_esplibs_libmain.a(user_interface.o)
                                         0x7b (size before relaxing)
                0x0000000040202614                sdk_system_restart
 *fill*         0x000000004020265b        0x1 
 .text.sdk_system_get_boot_version
                0x000000004020265c        0xe ./build/open_esplibs_libmain.a(user_interface.o)
                                         0x12 (size before relaxing)
                0x000000004020265c                sdk_system_get_boot_version
 *fill*         0x000000004020266a        0x2 
 .text.sdk_system_get_test_result
                0x000000004020266c       0x22 ./build/open_esplibs_libmain.a(user_interface.o)
                                         0x2e (size before relaxing)
                0x000000004020266c                sdk_system_get_test_result
 *fill*         0x000000004020268e        0x2 
 .text.sdk_system_upgrade_userbin_check
                0x0000000040202690       0x40 ./build/open_esplibs_libmain.a(user_interface.o)
                                         0x44 (size before relaxing)
                0x0000000040202690                sdk_system_upgrade_userbin_check
 .text.sdk_system_get_userbin_addr
                0x00000000402026d0       0x92 ./build/open_esplibs_libmain.a(user_interface.o)
                                         0x9e (size before relaxing)
                0x00000000402026dc                sdk_system_get_userbin_addr
 *fill*         0x0000000040202762        0x2 
 .text.sdk_system_update_cpu_freq
                0x0000000040202764       0x5d ./build/open_esplibs_libmain.a(user_interface.o)
                                         0x69 (size before relaxing)
                0x0000000040202764                sdk_system_update_cpu_freq
 *fill*         0x00000000402027c1        0x3 
 .text.sdk_system_get_cpu_freq
                0x00000000402027c4       0x1a ./build/open_esplibs_libmain.a(user_interface.o)
                0x00000000402027c8                sdk_system_get_cpu_freq
 *fill*         0x00000000402027de        0x2 
 .text.sdk_system_overclock
                0x00000000402027e0       0x31 ./build/open_esplibs_libmain.a(user_interface.o)
                                         0x3d (size before relaxing)
                0x00000000402027e4                sdk_system_overclock
 *fill*         0x0000000040202811        0x3 
 .text.sdk_system_restoreclock
                0x0000000040202814       0x33 ./build/open_esplibs_libmain.a(user_interface.o)
                                         0x43 (size before relaxing)
                0x0000000040202814                sdk_system_restoreclock
 *fill*         0x0000000040202847        0x1 
 .text.sdk_system_station_got_ip_set
                0x0000000040202848       0x8d ./build/open_esplibs_libmain.a(user_interface.o)
                                         0xa9 (size before relaxing)
                0x0000000040202850                sdk_system_station_got_ip_set
 *fill*         0x00000000402028d5        0x3 
 .text.sdk_wifi_param_save_protect
                0x00000000402028d8       0xa4 ./build/open_esplibs_libmain.a(user_interface.o)
                                         0xc0 (size before relaxing)
                0x00000000402028e0                sdk_wifi_param_save_protect
 .text.sdk_wifi_station_get_connect_status
                0x000000004020297c       0x21 ./build/open_esplibs_libmain.a(user_interface.o)
                                         0x2d (size before relaxing)
                0x000000004020297c                sdk_wifi_station_get_connect_status
 *fill*         0x000000004020299d        0x3 
 .text.sdk_wifi_get_macaddr
                0x00000000402029a0       0x67 ./build/open_esplibs_libmain.a(user_interface.o)
                                         0x73 (size before relaxing)
                0x00000000402029a8                sdk_wifi_get_macaddr
 *fill*         0x0000000040202a07        0x1 
 .text.sdk_ieee80211_hostap_attach
                0x0000000040202a08      0x191 ./build/open_esplibs_libnet80211.a(ieee80211_hostap.o)
                                        0x1fd (size before relaxing)
                0x0000000040202a24                sdk_ieee80211_hostap_attach
 *fill*         0x0000000040202b99        0x3 
 .text.sdk_wifi_softap_start
                0x0000000040202b9c      0x168 ./build/open_esplibs_libnet80211.a(ieee80211_hostap.o)
                                        0x1c8 (size before relaxing)
                0x0000000040202bbc                sdk_wifi_softap_start
 .text.sdk_wifi_softap_stop
                0x0000000040202d04      0x13d ./build/open_esplibs_libnet80211.a(ieee80211_hostap.o)
                                        0x1b9 (size before relaxing)
                0x0000000040202d08                sdk_wifi_softap_stop
 *fill*         0x0000000040202e41        0x3 
 .text.sdk_sta_status_set
                0x0000000040202e44       0x42 ./build/open_esplibs_libnet80211.a(ieee80211_sta.o)
                                         0x46 (size before relaxing)
                0x0000000040202e44                sdk_sta_status_set
 *fill*         0x0000000040202e86        0x2 
 .text.sdk_wifi_station_start
                0x0000000040202e88       0xa7 ./build/open_esplibs_libnet80211.a(ieee80211_sta.o)
                                         0xdf (size before relaxing)
                0x0000000040202e98                sdk_wifi_station_start
 *fill*         0x0000000040202f2f        0x1 
 .text.sdk_wifi_station_stop
                0x0000000040202f30       0x4b ./build/open_esplibs_libnet80211.a(ieee80211_sta.o)
                                         0x5b (size before relaxing)
                0x0000000040202f30                sdk_wifi_station_stop
 *fill*         0x0000000040202f7b        0x1 
 .text.dhcp_if_down
                0x0000000040202f7c       0x23 ./build/open_esplibs_libnet80211.a(wl_cnx.o)
                                         0x3f (size before relaxing)
                0x0000000040202f7c                dhcp_if_down
 *fill*         0x0000000040202f9f        0x1 
 .text.sdk_cnx_rc_search
                0x0000000040202fa0       0x5e ./build/open_esplibs_libnet80211.a(wl_cnx.o)
                                         0x66 (size before relaxing)
                0x0000000040202fa0                sdk_cnx_rc_search
 *fill*         0x0000000040202ffe        0x2 
 .text.sdk_cnx_add_rc
                0x0000000040203000       0x7c ./build/open_esplibs_libnet80211.a(wl_cnx.o)
                                         0x80 (size before relaxing)
                0x0000000040203000                sdk_cnx_add_rc
 .text.sdk_cnx_remove_rc
                0x000000004020307c       0x9b ./build/open_esplibs_libnet80211.a(wl_cnx.o)
                                         0x9f (size before relaxing)
                0x0000000040203080                sdk_cnx_remove_rc
 *fill*         0x0000000040203117        0x1 
 .text.sdk_cnx_node_remove
                0x0000000040203118       0x7c ./build/open_esplibs_libnet80211.a(wl_cnx.o)
                                         0x98 (size before relaxing)
                0x0000000040203118                sdk_cnx_node_remove
 .text.sdk_cnx_node_search
                0x0000000040203194       0x66 ./build/open_esplibs_libnet80211.a(wl_cnx.o)
                                         0x6e (size before relaxing)
                0x0000000040203194                sdk_cnx_node_search
 *fill*         0x00000000402031fa        0x2 
 .text._ppz20   0x00000000402031fc        0x9 ./build/open_esplibs_libpp.a(pp.o)
                0x0000000040203200                _ppz20
 *fill*         0x0000000040203205        0x3 
 .text.sdk_wpa_config_assoc_ie
                0x0000000040203208       0x17 ./build/open_esplibs_libwpa.a(wpa_main.o)
                                         0x1b (size before relaxing)
                0x0000000040203208                sdk_wpa_config_assoc_ie
 *fill*         0x000000004020321f        0x1 
 .text.sdk_dhcp_bind_check
                0x0000000040203220       0x22 ./build/open_esplibs_libwpa.a(wpa_main.o)
                                         0x26 (size before relaxing)
                0x0000000040203220                sdk_dhcp_bind_check
 *fill*         0x0000000040203242        0x2 
 .text.wpa_callback2
                0x0000000040203244       0x33 ./build/open_esplibs_libwpa.a(wpa_main.o)
                                         0x47 (size before relaxing)
 *fill*         0x0000000040203277        0x1 
 .text.wpa_callback1
                0x0000000040203278       0x1b ./build/open_esplibs_libwpa.a(wpa_main.o)
                                         0x23 (size before relaxing)
 *fill*         0x0000000040203293        0x1 
 .text.sdk_wpa_config_profile
                0x0000000040203294       0x49 ./build/open_esplibs_libwpa.a(wpa_main.o)
                                         0x58 (size before relaxing)
                0x0000000040203294                sdk_wpa_config_profile
 *fill*         0x00000000402032dd        0x3 
 .text.sdk_wpa_config_bss
                0x00000000402032e0       0x2f ./build/open_esplibs_libwpa.a(wpa_main.o)
                                         0x37 (size before relaxing)
                0x00000000402032e0                sdk_wpa_config_bss
 *fill*         0x000000004020330f        0x1 
 .text.sdk_eagle_auth_done
                0x0000000040203310      0x109 ./build/open_esplibs_libwpa.a(wpa_main.o)
                                        0x18c (size before relaxing)
                0x0000000040203334                sdk_eagle_auth_done
 *fill*         0x0000000040203419        0x3 
 .text.sdk_wpa_neg_complete
                0x000000004020341c        0xf ./build/open_esplibs_libwpa.a(wpa_main.o)
                                         0x17 (size before relaxing)
                0x000000004020341c                sdk_wpa_neg_complete
 *fill*         0x000000004020342b        0x1 
 .text.sdk_wpa_attach
                0x000000004020342c       0x4f ./build/open_esplibs_libwpa.a(wpa_main.o)
                                         0x5f (size before relaxing)
                0x0000000040203444                sdk_wpa_attach
 *fill*         0x000000004020347b        0x1 
 .text.prvResetNextTaskUnblockTime
                0x000000004020347c       0x39 ./build/freertos.a(tasks.o)
 *fill*         0x00000000402034b5        0x3 
 .text.prvAddCurrentTaskToDelayedList
                0x00000000402034b8       0xa4 ./build/freertos.a(tasks.o)
                                         0xc4 (size before relaxing)
 .text.prvIdleTask
                0x000000004020355c       0x97 ./build/freertos.a(tasks.o)
                                         0xb3 (size before relaxing)
 *fill*         0x00000000402035f3        0x1 
 .text.xTaskCreate
                0x00000000402035f4      0x24b ./build/freertos.a(tasks.o)
                                        0x2d3 (size before relaxing)
                0x0000000040203620                xTaskCreate
 *fill*         0x000000004020383f        0x1 
 .text.vTaskDelete
                0x0000000040203840       0xcd ./build/freertos.a(tasks.o)
                                        0x121 (size before relaxing)
                0x0000000040203844                vTaskDelete
 *fill*         0x000000004020390d        0x3 
 .text.vTaskStartScheduler
                0x0000000040203910       0xa0 ./build/freertos.a(tasks.o)
                                         0xd3 (size before relaxing)
                0x0000000040203928                vTaskStartScheduler
 *fill*         0x00000000402039b0        0x0 
 .text.vTaskSuspendAll
                0x00000000402039b0       0x11 ./build/freertos.a(tasks.o)
                                         0x15 (size before relaxing)
                0x00000000402039b0                vTaskSuspendAll
 *fill*         0x00000000402039c1        0x3 
 .text.xTaskGetTickCount
                0x00000000402039c4       0x27 ./build/freertos.a(tasks.o)
                                         0x33 (size before relaxing)
                0x00000000402039c4                xTaskGetTickCount
 *fill*         0x00000000402039eb        0x1 
 .text.xTaskIncrementTick
                0x00000000402039ec      0x194 ./build/freertos.a(tasks.o)
                                        0x1cc (size before relaxing)
                0x00000000402039fc                xTaskIncrementTick
 .text.xTaskResumeAll
                0x0000000040203b80      0x105 ./build/freertos.a(tasks.o)
                                        0x15d (size before relaxing)
                0x0000000040203b84                xTaskResumeAll
 *fill*         0x0000000040203c85        0x3 
 .text.vTaskDelay
                0x0000000040203c88       0x50 ./build/freertos.a(tasks.o)
                                         0x74 (size before relaxing)
                0x0000000040203c88                vTaskDelay
 .text.vTaskSwitchContext
                0x0000000040203cd8       0xea ./build/freertos.a(tasks.o)
                                        0x10a (size before relaxing)
                0x0000000040203ce4                vTaskSwitchContext
 *fill*         0x0000000040203dc2        0x2 
 .text.vTaskPlaceOnEventList
                0x0000000040203dc4       0x41 ./build/freertos.a(tasks.o)
                                         0x5d (size before relaxing)
                0x0000000040203dc8                vTaskPlaceOnEventList
 *fill*         0x0000000040203e05        0x3 
 .text.vTaskPlaceOnEventListRestricted
                0x0000000040203e08       0x4a ./build/freertos.a(tasks.o)
                                         0x66 (size before relaxing)
                0x0000000040203e0c                vTaskPlaceOnEventListRestricted
 *fill*         0x0000000040203e52        0x2 
 .text.xTaskRemoveFromEventList
                0x0000000040203e54       0x87 ./build/freertos.a(tasks.o)
                                         0xcb (size before relaxing)
                0x0000000040203e58                xTaskRemoveFromEventList
 *fill*         0x0000000040203edb        0x1 
 .text.vTaskInternalSetTimeOutState
                0x0000000040203edc       0x16 ./build/freertos.a(tasks.o)
                                         0x1e (size before relaxing)
                0x0000000040203edc                vTaskInternalSetTimeOutState
 *fill*         0x0000000040203ef2        0x2 
 .text.xTaskCheckForTimeOut
                0x0000000040203ef4       0x99 ./build/freertos.a(tasks.o)
                                         0xb9 (size before relaxing)
                0x0000000040203efc                xTaskCheckForTimeOut
 *fill*         0x0000000040203f8d        0x3 
 .text.vTaskMissedYield
                0x0000000040203f90        0xc ./build/freertos.a(tasks.o)
                                         0x10 (size before relaxing)
                0x0000000040203f90                vTaskMissedYield
 .text.uxTaskGetStackHighWaterMark
                0x0000000040203f9c       0x2c ./build/freertos.a(tasks.o)
                                         0x30 (size before relaxing)
                0x0000000040203f9c                uxTaskGetStackHighWaterMark
 .text.xTaskGetCurrentTaskHandle
                0x0000000040203fc8        0xa ./build/freertos.a(tasks.o)
                                          0xe (size before relaxing)
                0x0000000040203fc8                xTaskGetCurrentTaskHandle
 *fill*         0x0000000040203fd2        0x2 
 .text.xTaskGetSchedulerState
                0x0000000040203fd4       0x1e ./build/freertos.a(tasks.o)
                                         0x26 (size before relaxing)
                0x0000000040203fd4                xTaskGetSchedulerState
 *fill*         0x0000000040203ff2        0x2 
 .text.xTaskPriorityInherit
                0x0000000040203ff4       0xad ./build/freertos.a(tasks.o)
                                         0xc5 (size before relaxing)
                0x0000000040203ff4                xTaskPriorityInherit
 *fill*         0x00000000402040a1        0x3 
 .text.xTaskPriorityDisinherit
                0x00000000402040a4       0x92 ./build/freertos.a(tasks.o)
                                         0xba (size before relaxing)
                0x00000000402040ac                xTaskPriorityDisinherit
 *fill*         0x0000000040204136        0x2 
 .text.vTaskPriorityDisinheritAfterTimeout
                0x0000000040204138       0xb3 ./build/freertos.a(tasks.o)
                                         0xd3 (size before relaxing)
                0x0000000040204140                vTaskPriorityDisinheritAfterTimeout
 *fill*         0x00000000402041eb        0x1 
 .text.pvTaskIncrementMutexHeldCount
                0x00000000402041ec       0x1f ./build/freertos.a(tasks.o)
                                         0x23 (size before relaxing)
                0x00000000402041ec                pvTaskIncrementMutexHeldCount
 *fill*         0x000000004020420b        0x1 
 .text.xTaskNotifyWait
                0x000000004020420c       0xdf ./build/freertos.a(tasks.o)
                                         0xff (size before relaxing)
                0x000000004020420c                xTaskNotifyWait
 *fill*         0x00000000402042eb        0x1 
 .text.xTaskGenericNotifyFromISR
                0x00000000402042ec      0x139 ./build/freertos.a(tasks.o)
                                        0x17d (size before relaxing)
                0x00000000402042f8                xTaskGenericNotifyFromISR
 *fill*         0x0000000040204425        0x3 
 .text.prvCheckForValidListAndQueue
                0x0000000040204428       0x69 ./build/freertos.a(timers.o)
                                         0x89 (size before relaxing)
 *fill*         0x0000000040204491        0x3 
 .text.prvInsertTimerInActiveList
                0x0000000040204494       0x45 ./build/freertos.a(timers.o)
                                         0x59 (size before relaxing)
 *fill*         0x00000000402044d9        0x3 
 .text.xTimerCreateTimerTask
                0x00000000402044dc       0x49 ./build/freertos.a(timers.o)
                                         0x61 (size before relaxing)
                0x00000000402044ec                xTimerCreateTimerTask
 *fill*         0x0000000040204525        0x3 
 .text.xTimerCreate
                0x0000000040204528       0x59 ./build/freertos.a(timers.o)
                                         0x75 (size before relaxing)
                0x0000000040204528                xTimerCreate
 *fill*         0x0000000040204581        0x3 
 .text.xTimerGenericCommand
                0x0000000040204584       0x7f ./build/freertos.a(timers.o)
                                         0x9f (size before relaxing)
                0x0000000040204584                xTimerGenericCommand
 *fill*         0x0000000040204603        0x1 
 .text.prvSwitchTimerLists
                0x0000000040204604       0x80 ./build/freertos.a(timers.o)
                                         0xa6 (size before relaxing)
 *fill*         0x0000000040204684        0x0 
 .text.prvTimerTask
                0x0000000040204684      0x1bb ./build/freertos.a(timers.o)
                                        0x253 (size before relaxing)
 *fill*         0x000000004020483f        0x1 
 .text.pvTimerGetTimerID
                0x0000000040204840       0x2d ./build/freertos.a(timers.o)
                                         0x41 (size before relaxing)
                0x0000000040204840                pvTimerGetTimerID
 *fill*         0x000000004020486d        0x3 
 .text.vAssertCalled
                0x0000000040204870       0x22 ./build/freertos.a(port.o)
                                         0x26 (size before relaxing)
                0x0000000040204878                vAssertCalled
 *fill*         0x0000000040204892        0x2 
 .text.pxPortInitialiseStack
                0x0000000040204894       0x37 ./build/freertos.a(port.o)
                0x0000000040204898                pxPortInitialiseStack
 *fill*         0x00000000402048cb        0x1 
 .text.xPortSysTickHandle
                0x00000000402048cc       0x14 ./build/freertos.a(port.o)
                                         0x23 (size before relaxing)
                0x00000000402048cc                xPortSysTickHandle
 *fill*         0x00000000402048e0        0x0 
 .text.xPortStartScheduler
                0x00000000402048e0       0x7e ./build/freertos.a(port.o)
                                         0x8e (size before relaxing)
                0x00000000402048f4                xPortStartScheduler
 *fill*         0x000000004020495e        0x2 
 .text.xPortGetFreeHeapSize
                0x0000000040204960       0x28 ./build/freertos.a(port.o)
                                         0x38 (size before relaxing)
                0x0000000040204960                xPortGetFreeHeapSize
 .text.xTaskGenericCreate
                0x0000000040204988       0x15 ./build/freertos.a(port.o)
                                         0x19 (size before relaxing)
                0x0000000040204988                xTaskGenericCreate
 *fill*         0x000000004020499d        0x3 
 .text.xQueueGenericReceive
                0x00000000402049a0       0x1e ./build/freertos.a(port.o)
                                         0x2d (size before relaxing)
                0x00000000402049a4                xQueueGenericReceive
 *fill*         0x00000000402049be        0x2 
 .text.prvCopyDataToQueue
                0x00000000402049c0       0xa7 ./build/freertos.a(queue.o)
                                         0xb3 (size before relaxing)
 *fill*         0x0000000040204a67        0x1 
 .text.prvCopyDataFromQueue
                0x0000000040204a68       0x2b ./build/freertos.a(queue.o)
                                         0x2f (size before relaxing)
 *fill*         0x0000000040204a93        0x1 
 .text.prvUnlockQueue
                0x0000000040204a94       0xc4 ./build/freertos.a(queue.o)
                                         0xec (size before relaxing)
 .text.xQueueGenericReset
                0x0000000040204b58       0x8d ./build/freertos.a(queue.o)
                                         0xb5 (size before relaxing)
                0x0000000040204b5c                xQueueGenericReset
 *fill*         0x0000000040204be5        0x3 
 .text.xQueueGenericCreate
                0x0000000040204be8       0x6c ./build/freertos.a(queue.o)
                                         0x80 (size before relaxing)
                0x0000000040204be8                xQueueGenericCreate
 .text.xQueueGenericSend
                0x0000000040204c54      0x183 ./build/freertos.a(queue.o)
                                        0x21f (size before relaxing)
                0x0000000040204c54                xQueueGenericSend
 *fill*         0x0000000040204dd7        0x1 
 .text.xQueueCreateMutex
                0x0000000040204dd8       0x31 ./build/freertos.a(queue.o)
                                         0x3d (size before relaxing)
                0x0000000040204dd8                xQueueCreateMutex
 *fill*         0x0000000040204e09        0x3 
 .text.xQueueGiveMutexRecursive
                0x0000000040204e0c       0x4b ./build/freertos.a(queue.o)
                                         0x5f (size before relaxing)
                0x0000000040204e0c                xQueueGiveMutexRecursive
 *fill*         0x0000000040204e57        0x1 
 .text.xQueueGenericSendFromISR
                0x0000000040204e58       0xc3 ./build/freertos.a(queue.o)
                                         0xf3 (size before relaxing)
                0x0000000040204e58                xQueueGenericSendFromISR
 *fill*         0x0000000040204f1b        0x1 
 .text.xQueueReceive
                0x0000000040204f1c      0x179 ./build/freertos.a(queue.o)
                                        0x215 (size before relaxing)
                0x0000000040204f1c                xQueueReceive
 *fill*         0x0000000040205095        0x3 
 .text.xQueueSemaphoreTake
                0x0000000040205098      0x1d4 ./build/freertos.a(queue.o)
                                        0x28c (size before relaxing)
                0x0000000040205098                xQueueSemaphoreTake
 .text.xQueueTakeMutexRecursive
                0x000000004020526c       0x53 ./build/freertos.a(queue.o)
                                         0x63 (size before relaxing)
                0x000000004020526c                xQueueTakeMutexRecursive
 *fill*         0x00000000402052bf        0x1 
 .text.uxQueueMessagesWaiting
                0x00000000402052c0       0x30 ./build/freertos.a(queue.o)
                                         0x44 (size before relaxing)
                0x00000000402052c0                uxQueueMessagesWaiting
 .text.uxQueueMessagesWaitingFromISR
                0x00000000402052f0       0x26 ./build/freertos.a(queue.o)
                                         0x2e (size before relaxing)
                0x00000000402052f0                uxQueueMessagesWaitingFromISR
 *fill*         0x0000000040205316        0x2 
 .text.vQueueDelete
                0x0000000040205318       0x29 ./build/freertos.a(queue.o)
                                         0x35 (size before relaxing)
                0x0000000040205318                vQueueDelete
 *fill*         0x0000000040205341        0x3 
 .text.vQueueWaitForMessageRestricted
                0x0000000040205344       0x6f ./build/freertos.a(queue.o)
                                         0x7f (size before relaxing)
                0x0000000040205344                vQueueWaitForMessageRestricted
 *fill*         0x00000000402053b3        0x1 
 .text.low_level_output
                0x00000000402053b4       0x5e ./build/lwip.a(esp_interface.o)
                                         0x7a (size before relaxing)
 *fill*         0x0000000040205412        0x2 
 .text.pp_recycle_rx_pbuf
                0x0000000040205414       0x38 ./build/lwip.a(esp_interface.o)
                                         0x44 (size before relaxing)
                0x0000000040205418                pp_recycle_rx_pbuf
 .text.ooseq_bytes_limit
                0x000000004020544c        0x9 ./build/lwip.a(esp_interface.o)
                0x0000000040205450                ooseq_bytes_limit
 *fill*         0x0000000040205455        0x3 
 .text.ooseq_pbufs_limit
                0x0000000040205458       0x41 ./build/lwip.a(esp_interface.o)
                                         0x49 (size before relaxing)
                0x0000000040205458                ooseq_pbufs_limit
 *fill*         0x0000000040205499        0x3 
 .text.ethernetif_input
                0x000000004020549c       0x87 ./build/lwip.a(esp_interface.o)
                                         0x9e (size before relaxing)
                0x00000000402054a8                ethernetif_input
 *fill*         0x0000000040205523        0x1 
 .text.sdk_pbuf_alloc
                0x0000000040205524       0x33 ./build/lwip.a(esp_interface.o)
                                         0x3b (size before relaxing)
                0x0000000040205524                sdk_pbuf_alloc
 *fill*         0x0000000040205557        0x1 
 .text.ethernetif_init
                0x0000000040205558       0x34 ./build/lwip.a(esp_interface.o)
                0x0000000040205560                ethernetif_init
 .text.sys_sem_new
                0x000000004020558c       0x41 ./build/lwip.a(sys_arch.o)
                                         0x4d (size before relaxing)
                0x000000004020558c                sys_sem_new
 *fill*         0x00000000402055cd        0x3 
 .text.sys_sem_free
                0x00000000402055d0       0x1e ./build/lwip.a(sys_arch.o)
                                         0x22 (size before relaxing)
                0x00000000402055d0                sys_sem_free
 *fill*         0x00000000402055ee        0x2 
 .text.sys_sem_signal
                0x00000000402055f0       0x17 ./build/lwip.a(sys_arch.o)
                                         0x1f (size before relaxing)
                0x00000000402055f0                sys_sem_signal
 *fill*         0x0000000040205607        0x1 
 .text.sys_arch_sem_wait
                0x0000000040205608       0x4c ./build/lwip.a(sys_arch.o)
                                         0x58 (size before relaxing)
                0x0000000040205608                sys_arch_sem_wait
 .text.sys_mutex_new
                0x0000000040205654       0x2b ./build/lwip.a(sys_arch.o)
                                         0x2f (size before relaxing)
                0x0000000040205654                sys_mutex_new
 *fill*         0x000000004020567f        0x1 
 .text.sys_mbox_new
                0x0000000040205680       0x2f ./build/lwip.a(sys_arch.o)
                                         0x33 (size before relaxing)
                0x0000000040205680                sys_mbox_new
 *fill*         0x00000000402056af        0x1 
 .text.sys_mbox_free
                0x00000000402056b0       0x31 ./build/lwip.a(sys_arch.o)
                                         0x41 (size before relaxing)
                0x00000000402056b4                sys_mbox_free
 *fill*         0x00000000402056e1        0x3 
 .text.sys_mbox_trypost
                0x00000000402056e4       0x2b ./build/lwip.a(sys_arch.o)
                                         0x2f (size before relaxing)
                0x00000000402056e4                sys_mbox_trypost
 *fill*         0x000000004020570f        0x1 
 .text.sys_arch_mbox_fetch